cork-lmb10 lmb10
cork-lmbo10 lmbo10
cork-lmbx10 lmbx10
cork-lmbx12 lmbx12
cork-lmbx5 lmbx5
cork-lmbx6 lmbx6
cork-lmbx7 lmbx7
cork-lmbx8 lmbx8
cork-lmbx9 lmbx9
cork-lmbxi10 lmbxi10
cork-lmbxo10 lmbxo10
cork-lmcsc10 lmcsc10
cork-lmcsco10 lmcsco10
cork-lmr10 lmr10
cork-lmr12 lmr12
cork-lmr17 lmr17
cork-lmr5 lmr5
cork-lmr6 lmr6
cork-lmr7 lmr7
cork-lmr8 lmr8
cork-lmr9 lmr9
cork-lmri10 lmri10
cork-lmri12 lmri12
cork-lmri7 lmri7
cork-lmri8 lmri8
cork-lmri9 lmri9
cork-lmro10 lmro10
cork-lmro12 lmro12
cork-lmro8 lmro8
cork-lmro9 lmro9
cork-lmss10 lmss10
cork-lmss12 lmss12
cork-lmss17 lmss17
cork-lmss8 lmss8
cork-lmss9 lmss9
cork-lmssbo10 lmssbo10
cork-lmssbx10 lmssbx10
cork-lmssdc10 lmssdc10
cork-lmssdo10 lmssdo10
cork-lmsso10 lmsso10
cork-lmsso12 lmsso12
cork-lmsso17 lmsso17
cork-lmsso8 lmsso8
cork-lmsso9 lmsso9
cork-lmssq8 lmssq8
cork-lmssqbo8 lmssqbo8
cork-lmssqbx8 lmssqbx8
cork-lmssqo8 lmssqo8
cork-lmtcsc10 lmtcsc10
cork-lmtt10 lmtt10
cork-lmtt12 lmtt12
cork-lmtt8 lmtt8
cork-lmtt9 lmtt9
cork-lmtti10 lmtti10
cork-lmtto10 lmtto10
cork-lmvtt10 lmvtt10
cork-lmvtto10 lmvtto10
